time:2023-01-15T18:51:00.656994057Z	a:x6dvbovw6m7b	m:objects	v:1
time:2023-01-15T18:51:00.662249136Z	a:x6dvbovw6m7b	m:requests	v:1
time:2023-01-15T18:52:01.065094042Z	a:x6dvbovw6m7b	m:objects	v:1
time:2023-01-15T18:52:01.066618202Z	a:a7nqbnerg3td	m:files	v:1
time:2023-01-15T18:52:01.070619853Z	a:x6dvbovw6m7b	m:requests	v:1
